###############################################################################
#
# IAR ELF Linker V9.30.1.335/W64 for ARM                  03/Apr/2023  15:48:24
# Copyright 2007-2022 IAR Systems AB.
#
#    Output file  =
#        C:\Users\Kim Jaemin\Desktop\DCB\Dual_CANbus\Debug\Exe\dualcanbus3.out
#    Map file     =
#        C:\Users\Kim Jaemin\Desktop\DCB\Dual_CANbus\Debug\List\dualcanbus3.map
#    Command line =
#        -f "C:\Users\Kim
#        Jaemin\Desktop\DCB\Dual_CANbus\Debug\Exe\dualcanbus3.out.rsp"
#        ("C:\Users\Kim
#        Jaemin\Desktop\DCB\Dual_CANbus\Debug\Obj\source\CANconfig.o"
#        "C:\Users\Kim
#        Jaemin\Desktop\DCB\Dual_CANbus\Debug\Obj\source\GPIOconfig.o"
#        "C:\Users\Kim Jaemin\Desktop\DCB\Dual_CANbus\Debug\Obj\main.o"
#        "C:\Users\Kim
#        Jaemin\Desktop\DCB\Dual_CANbus\Debug\Obj\source\NVICconfig.o"
#        "C:\Users\Kim
#        Jaemin\Desktop\DCB\Dual_CANbus\Debug\Obj\Driver\startup_stm32f105xc.o"
#        "C:\Users\Kim
#        Jaemin\Desktop\DCB\Dual_CANbus\Debug\Obj\Driver\system_stm32f1xx.o"
#        "C:\Users\Kim
#        Jaemin\Desktop\DCB\Dual_CANbus\Debug\Obj\source\SystemClockConfig.o"
#        "C:\Users\Kim
#        Jaemin\Desktop\DCB\Dual_CANbus\Debug\Obj\source\TimerConfig.o"
#        --no_out_extension -o "C:\Users\Kim
#        Jaemin\Desktop\DCB\Dual_CANbus\Debug\Exe\dualcanbus3.out" --map
#        "C:\Users\Kim
#        Jaemin\Desktop\DCB\Dual_CANbus\Debug\List\dualcanbus3.map" --config
#        "C:\Program Files\IAR Systems\Embedded Workbench
#        9.1\arm/config/linker/ST/stm32f105x8.icf" --no_entry --vfe --text_out
#        locale --cpu=Cortex-M3 --fpu=None)
#
###############################################################################

*******************************************************************************
*** RUNTIME MODEL ATTRIBUTES
***

CppFlavor       = *
__CPP_Runtime   = 1
__SystemLibrary = DLib
__dlib_version  = 6


*******************************************************************************
*** HEAP SELECTION
***

The basic heap was selected because --advanced_heap
was not specified and the application did not appear to
be primarily optimized for speed.


*******************************************************************************
*** PLACEMENT SUMMARY
***

"A0":  place at address 0x800'0000 { ro section .intvec };
"P1":  place in [from 0x800'0000 to 0x800'ffff] { ro };
define block CSTACK with size = 4K, alignment = 8 { };
define block HEAP with size = 4K, alignment = 8 { };
"P2":  place in [from 0x2000'0000 to 0x2000'ffff] {
          rw, block CSTACK, block HEAP };

No sections matched the following patterns:

  rw  in "P2"


  Section   Kind         Address    Size  Object
  -------   ----         -------    ----  ------
"A0":                              0x150
  .intvec   ro code   0x800'0000   0x150  startup_stm32f105xc.o [2]
                    - 0x800'0150   0x150

"P1":                              0x3c4
  .text     ro code   0x800'0150   0x1e0  CANconfig.o [3]
  .text     ro code   0x800'0330    0x3c  SystemClockConfig.o [3]
  .text     ro code   0x800'036c    0x28  main.o [1]
  .text     ro code   0x800'0394    0x1e  cmain.o [5]
  .text     ro code   0x800'03b2     0x4  low_level_init.o [4]
  .text     ro code   0x800'03b6     0x4  exit.o [4]
  .text     ro code   0x800'03bc     0xa  cexit.o [5]
  .text     ro code   0x800'03c8     0xc  XXexit.o [5]
  .text     ro code   0x800'03d4    0x1c  cstartup_M.o [5]
  .text     ro code   0x800'03f0    0x10  startup_stm32f105xc.o [2]
  .text     ro code   0x800'0400    0x10  system_stm32f1xx.o [2]
  .text     ro code   0x800'0410     0x4  startup_stm32f105xc.o [2]
  .text     ro code   0x800'0414     0x4  startup_stm32f105xc.o [2]
  .text     ro code   0x800'0418     0x4  startup_stm32f105xc.o [2]
  .text     ro code   0x800'041c     0x4  startup_stm32f105xc.o [2]
  .text     ro code   0x800'0420     0x4  startup_stm32f105xc.o [2]
  .text     ro code   0x800'0424     0x4  startup_stm32f105xc.o [2]
  .text     ro code   0x800'0428     0x4  startup_stm32f105xc.o [2]
  .text     ro code   0x800'042c     0x4  startup_stm32f105xc.o [2]
  .text     ro code   0x800'0430     0x4  startup_stm32f105xc.o [2]
  .text     ro code   0x800'0434     0x4  startup_stm32f105xc.o [2]
  .text     ro code   0x800'0438     0x4  startup_stm32f105xc.o [2]
  .text     ro code   0x800'043c     0x4  startup_stm32f105xc.o [2]
  .text     ro code   0x800'0440     0x4  startup_stm32f105xc.o [2]
  .text     ro code   0x800'0444     0x4  startup_stm32f105xc.o [2]
  .text     ro code   0x800'0448     0x4  startup_stm32f105xc.o [2]
  .text     ro code   0x800'044c     0x4  startup_stm32f105xc.o [2]
  .text     ro code   0x800'0450     0x4  startup_stm32f105xc.o [2]
  .text     ro code   0x800'0454     0x4  startup_stm32f105xc.o [2]
  .text     ro code   0x800'0458     0x4  startup_stm32f105xc.o [2]
  .text     ro code   0x800'045c     0x4  startup_stm32f105xc.o [2]
  .text     ro code   0x800'0460     0x4  startup_stm32f105xc.o [2]
  .text     ro code   0x800'0464     0x4  startup_stm32f105xc.o [2]
  .text     ro code   0x800'0468     0x4  startup_stm32f105xc.o [2]
  .text     ro code   0x800'046c     0x4  startup_stm32f105xc.o [2]
  .text     ro code   0x800'0470     0x4  startup_stm32f105xc.o [2]
  .text     ro code   0x800'0474     0x4  startup_stm32f105xc.o [2]
  .text     ro code   0x800'0478     0x4  startup_stm32f105xc.o [2]
  .text     ro code   0x800'047c     0x4  startup_stm32f105xc.o [2]
  .text     ro code   0x800'0480     0x4  startup_stm32f105xc.o [2]
  .text     ro code   0x800'0484     0x4  startup_stm32f105xc.o [2]
  .text     ro code   0x800'0488     0x4  startup_stm32f105xc.o [2]
  .text     ro code   0x800'048c     0x4  startup_stm32f105xc.o [2]
  .text     ro code   0x800'0490     0x4  startup_stm32f105xc.o [2]
  .text     ro code   0x800'0494     0x4  startup_stm32f105xc.o [2]
  .text     ro code   0x800'0498     0x4  startup_stm32f105xc.o [2]
  .text     ro code   0x800'049c     0x4  startup_stm32f105xc.o [2]
  .text     ro code   0x800'04a0     0x4  startup_stm32f105xc.o [2]
  .text     ro code   0x800'04a4     0x4  startup_stm32f105xc.o [2]
  .text     ro code   0x800'04a8     0x4  startup_stm32f105xc.o [2]
  .text     ro code   0x800'04ac     0x4  startup_stm32f105xc.o [2]
  .text     ro code   0x800'04b0     0x4  startup_stm32f105xc.o [2]
  .text     ro code   0x800'04b4     0x4  startup_stm32f105xc.o [2]
  .text     ro code   0x800'04b8     0x4  startup_stm32f105xc.o [2]
  .text     ro code   0x800'04bc     0x4  startup_stm32f105xc.o [2]
  .text     ro code   0x800'04c0     0x4  startup_stm32f105xc.o [2]
  .text     ro code   0x800'04c4     0x4  startup_stm32f105xc.o [2]
  .text     ro code   0x800'04c8     0x4  startup_stm32f105xc.o [2]
  .text     ro code   0x800'04cc     0x4  startup_stm32f105xc.o [2]
  .text     ro code   0x800'04d0     0x4  startup_stm32f105xc.o [2]
  .text     ro code   0x800'04d4     0x4  startup_stm32f105xc.o [2]
  .text     ro code   0x800'04d8     0x4  startup_stm32f105xc.o [2]
  .text     ro code   0x800'04dc     0x4  startup_stm32f105xc.o [2]
  .text     ro code   0x800'04e0     0x4  startup_stm32f105xc.o [2]
  .text     ro code   0x800'04e4     0x4  startup_stm32f105xc.o [2]
  .text     ro code   0x800'04e8     0x4  startup_stm32f105xc.o [2]
  .text     ro code   0x800'04ec     0x4  startup_stm32f105xc.o [2]
  .text     ro code   0x800'04f0     0x4  startup_stm32f105xc.o [2]
  .text     ro code   0x800'04f4     0x4  startup_stm32f105xc.o [2]
  .text     ro code   0x800'04f8     0x4  startup_stm32f105xc.o [2]
  .text     ro code   0x800'04fc     0x4  startup_stm32f105xc.o [2]
  .text     ro code   0x800'0500     0x4  startup_stm32f105xc.o [2]
  .text     ro code   0x800'0504     0x4  startup_stm32f105xc.o [2]
  .text     ro code   0x800'0508     0x4  startup_stm32f105xc.o [2]
  .text     ro code   0x800'050c     0x4  startup_stm32f105xc.o [2]
  .text     ro code   0x800'0510     0x4  startup_stm32f105xc.o [2]
                    - 0x800'0514   0x3c4

"P2":                             0x1000
  CSTACK             0x2000'0000  0x1000  <Block>
    CSTACK  uninit   0x2000'0000  0x1000  <Block tail>
                   - 0x2000'1000  0x1000

Unused ranges:

         From           To    Size
         ----           --    ----
   0x800'0514   0x800'ffff  0xfaec
  0x2000'1000  0x2000'ffff  0xf000



*******************************************************************************
*** MODULE SUMMARY
***

    Module                 ro code  rw data
    ------                 -------  -------
command line/config:
    ---------------------------------------
    Total:

C:\Users\Kim Jaemin\Desktop\DCB\Dual_CANbus\Debug\Obj: [1]
    main.o                      40
    ---------------------------------------
    Total:                      40

C:\Users\Kim Jaemin\Desktop\DCB\Dual_CANbus\Debug\Obj\Driver: [2]
    startup_stm32f105xc.o      612
    system_stm32f1xx.o          16
    ---------------------------------------
    Total:                     628

C:\Users\Kim Jaemin\Desktop\DCB\Dual_CANbus\Debug\Obj\source: [3]
    CANconfig.o                480
    SystemClockConfig.o         60
    ---------------------------------------
    Total:                     540

dl7M_tln.a: [4]
    exit.o                       4
    low_level_init.o             4
    ---------------------------------------
    Total:                       8

rt7M_tl.a: [5]
    XXexit.o                    12
    cexit.o                     10
    cmain.o                     30
    cstartup_M.o                28
    ---------------------------------------
    Total:                      80

    Gaps                         4
    Linker created                    4'096
-------------------------------------------
    Grand Total:             1'300    4'096


*******************************************************************************
*** ENTRY LIST
***

Entry                       Address  Size  Type      Object
-----                       -------  ----  ----      ------
?main                    0x800'0395        Code  Gb  cmain.o [5]
ADC1_2_IRQHandler        0x800'047d        Code  Wk  startup_stm32f105xc.o [2]
BusFault_Handler         0x800'041d        Code  Wk  startup_stm32f105xc.o [2]
CAN1_RX0_IRQHandler      0x800'0257  0x40  Code  Gb  CANconfig.o [3]
CAN1_RX1_IRQHandler      0x800'0485        Code  Wk  startup_stm32f105xc.o [2]
CAN1_SCE_IRQHandler      0x800'0489        Code  Wk  startup_stm32f105xc.o [2]
CAN1_TX_IRQHandler       0x800'0481        Code  Wk  startup_stm32f105xc.o [2]
CAN1_filterconfig2       0x800'01cb  0x34  Code  Gb  CANconfig.o [3]
CAN1config               0x800'0193  0x38  Code  Gb  CANconfig.o [3]
CAN2_RX0_IRQHandler      0x800'0505        Code  Wk  startup_stm32f105xc.o [2]
CAN2_RX1_IRQHandler      0x800'0509        Code  Wk  startup_stm32f105xc.o [2]
CAN2_SCE_IRQHandler      0x800'050d        Code  Wk  startup_stm32f105xc.o [2]
CAN2_TX_IRQHandler       0x800'0297   0xc  Code  Gb  CANconfig.o [3]
CAN2config               0x800'01ff  0x28  Code  Gb  CANconfig.o [3]
CAN_TxMessage2           0x800'0227  0x30  Code  Gb  CANconfig.o [3]
CAN_config               0x800'0151  0x42  Code  Gb  CANconfig.o [3]
CSTACK$$Base            0x2000'0000         --   Gb  - Linker created -
CSTACK$$Limit           0x2000'1000         --   Gb  - Linker created -
DMA1_Channel1_IRQHandler
                         0x800'0461        Code  Wk  startup_stm32f105xc.o [2]
DMA1_Channel2_IRQHandler
                         0x800'0465        Code  Wk  startup_stm32f105xc.o [2]
DMA1_Channel3_IRQHandler
                         0x800'0469        Code  Wk  startup_stm32f105xc.o [2]
DMA1_Channel4_IRQHandler
                         0x800'046d        Code  Wk  startup_stm32f105xc.o [2]
DMA1_Channel5_IRQHandler
                         0x800'0471        Code  Wk  startup_stm32f105xc.o [2]
DMA1_Channel6_IRQHandler
                         0x800'0475        Code  Wk  startup_stm32f105xc.o [2]
DMA1_Channel7_IRQHandler
                         0x800'0479        Code  Wk  startup_stm32f105xc.o [2]
DMA2_Channel1_IRQHandler
                         0x800'04f1        Code  Wk  startup_stm32f105xc.o [2]
DMA2_Channel2_IRQHandler
                         0x800'04f5        Code  Wk  startup_stm32f105xc.o [2]
DMA2_Channel3_IRQHandler
                         0x800'04f9        Code  Wk  startup_stm32f105xc.o [2]
DMA2_Channel4_IRQHandler
                         0x800'04fd        Code  Wk  startup_stm32f105xc.o [2]
DMA2_Channel5_IRQHandler
                         0x800'0501        Code  Wk  startup_stm32f105xc.o [2]
DebugMon_Handler         0x800'0429        Code  Wk  startup_stm32f105xc.o [2]
EXTI0_IRQHandler         0x800'044d        Code  Wk  startup_stm32f105xc.o [2]
EXTI15_10_IRQHandler     0x800'04cd        Code  Wk  startup_stm32f105xc.o [2]
EXTI1_IRQHandler         0x800'0451        Code  Wk  startup_stm32f105xc.o [2]
EXTI2_IRQHandler         0x800'0455        Code  Wk  startup_stm32f105xc.o [2]
EXTI3_IRQHandler         0x800'0459        Code  Wk  startup_stm32f105xc.o [2]
EXTI4_IRQHandler         0x800'045d        Code  Wk  startup_stm32f105xc.o [2]
EXTI9_5_IRQHandler       0x800'048d        Code  Wk  startup_stm32f105xc.o [2]
FLASH_IRQHandler         0x800'0445        Code  Wk  startup_stm32f105xc.o [2]
HardFault_Handler        0x800'0415        Code  Wk  startup_stm32f105xc.o [2]
I2C1_ER_IRQHandler       0x800'04ad        Code  Wk  startup_stm32f105xc.o [2]
I2C1_EV_IRQHandler       0x800'04a9        Code  Wk  startup_stm32f105xc.o [2]
I2C2_ER_IRQHandler       0x800'04b5        Code  Wk  startup_stm32f105xc.o [2]
I2C2_EV_IRQHandler       0x800'04b1        Code  Wk  startup_stm32f105xc.o [2]
MemManage_Handler        0x800'0419        Code  Wk  startup_stm32f105xc.o [2]
NMI_Handler              0x800'0411        Code  Wk  startup_stm32f105xc.o [2]
OTG_FS_IRQHandler        0x800'0511        Code  Wk  startup_stm32f105xc.o [2]
OTG_FS_WKUP_IRQHandler   0x800'04d5        Code  Wk  startup_stm32f105xc.o [2]
PVD_IRQHandler           0x800'0439        Code  Wk  startup_stm32f105xc.o [2]
PendSV_Handler           0x800'042d        Code  Wk  startup_stm32f105xc.o [2]
RCC_IRQHandler           0x800'0449        Code  Wk  startup_stm32f105xc.o [2]
RTC_Alarm_IRQHandler     0x800'04d1        Code  Wk  startup_stm32f105xc.o [2]
RTC_IRQHandler           0x800'0441        Code  Wk  startup_stm32f105xc.o [2]
Region$$Table$$Base             0x0         --   Gb  - Linker created -
Region$$Table$$Limit            0x0         --   Gb  - Linker created -
Reset_Handler            0x800'03f1        Code  Wk  startup_stm32f105xc.o [2]
SPI1_IRQHandler          0x800'04b9        Code  Wk  startup_stm32f105xc.o [2]
SPI2_IRQHandler          0x800'04bd        Code  Wk  startup_stm32f105xc.o [2]
SPI3_IRQHandler          0x800'04dd        Code  Wk  startup_stm32f105xc.o [2]
SVC_Handler              0x800'0425        Code  Wk  startup_stm32f105xc.o [2]
SysTick_Handler          0x800'0431        Code  Wk  startup_stm32f105xc.o [2]
SysclkConfig             0x800'0331  0x2c  Code  Gb  SystemClockConfig.o [3]
SystemInit               0x800'0401   0xa  Code  Gb  system_stm32f1xx.o [2]
TAMPER_IRQHandler        0x800'043d        Code  Wk  startup_stm32f105xc.o [2]
TIM1_BRK_IRQHandler      0x800'0491        Code  Wk  startup_stm32f105xc.o [2]
TIM1_CC_IRQHandler       0x800'049d        Code  Wk  startup_stm32f105xc.o [2]
TIM1_TRG_COM_IRQHandler
                         0x800'0499        Code  Wk  startup_stm32f105xc.o [2]
TIM1_UP_IRQHandler       0x800'0495        Code  Wk  startup_stm32f105xc.o [2]
TIM2_IRQHandler          0x800'0383   0x8  Code  Gb  main.o [1]
TIM3_IRQHandler          0x800'04a1        Code  Wk  startup_stm32f105xc.o [2]
TIM4_IRQHandler          0x800'04a5        Code  Wk  startup_stm32f105xc.o [2]
TIM5_IRQHandler          0x800'04d9        Code  Wk  startup_stm32f105xc.o [2]
TIM6_IRQHandler          0x800'04e9        Code  Wk  startup_stm32f105xc.o [2]
TIM7_IRQHandler          0x800'04ed        Code  Wk  startup_stm32f105xc.o [2]
UART4_IRQHandler         0x800'04e1        Code  Wk  startup_stm32f105xc.o [2]
UART5_IRQHandler         0x800'04e5        Code  Wk  startup_stm32f105xc.o [2]
USART1_IRQHandler        0x800'04c1        Code  Wk  startup_stm32f105xc.o [2]
USART2_IRQHandler        0x800'04c5        Code  Wk  startup_stm32f105xc.o [2]
USART3_IRQHandler        0x800'04c9        Code  Wk  startup_stm32f105xc.o [2]
UsageFault_Handler       0x800'0421        Code  Wk  startup_stm32f105xc.o [2]
WWDG_IRQHandler          0x800'0435        Code  Wk  startup_stm32f105xc.o [2]
__cmain                  0x800'0395        Code  Gb  cmain.o [5]
__exit                   0x800'03c9        Code  Gb  XXexit.o [5]
__iar_program_start      0x800'03d5        Code  Gb  cstartup_M.o [5]
__low_level_init         0x800'03b3   0x4  Code  Gb  low_level_init.o [4]
__vector_table           0x800'0000        Data  Gb  startup_stm32f105xc.o [2]
_call_main               0x800'03a1        Code  Gb  cmain.o [5]
_exit                    0x800'03bd        Code  Gb  cexit.o [5]
exit                     0x800'03b7   0x4  Code  Gb  exit.o [4]
main                     0x800'036d  0x16  Code  Gb  main.o [1]


[1] = C:\Users\Kim Jaemin\Desktop\DCB\Dual_CANbus\Debug\Obj
[2] = C:\Users\Kim Jaemin\Desktop\DCB\Dual_CANbus\Debug\Obj\Driver
[3] = C:\Users\Kim Jaemin\Desktop\DCB\Dual_CANbus\Debug\Obj\source
[4] = dl7M_tln.a
[5] = rt7M_tl.a

  1'300 bytes of readonly  code memory
  4'096 bytes of readwrite data memory

Errors: none
Warnings: none
